---
source: nac3core/src/toplevel/test.rs
expression: res_vec

---
[
    "12: Class {\nname: \"A\",\ndef_id: DefinitionId(12),\nancestors: [CustomClassKind { id: DefinitionId(12), params: [TypeVarKind(UnificationKey(108))] }],\nfields: [(\"a\", \"class0\"), (\"b\", \"tvar3\"), (\"c\", \"class12[3->class1]\")],\nmethods: [(\"__init__\", \"fn[[t=tvar3], class4]\", DefinitionId(13)), (\"fun\", \"fn[[a=class0, b=tvar3], list[virtual[class16[4->class3]]]]\", DefinitionId(14)), (\"foo\", \"fn[[c=class19], class4]\", DefinitionId(15))],\ntype_vars: [UnificationKey(108)]\n}\n",
    "13: Function {\nname: \"A.__init__\",\nsig: \"fn[[t=tvar3], class4]\",\nvar_id: [3]\n}\n",
    "14: Function {\nname: \"A.fun\",\nsig: \"fn[[a=class0, b=tvar3], list[virtual[class16[4->class3]]]]\",\nvar_id: [3]\n}\n",
    "15: Function {\nname: \"A.foo\",\nsig: \"fn[[c=class19], class4]\",\nvar_id: [3]\n}\n",
    "16: Class {\nname: \"B\",\ndef_id: DefinitionId(16),\nancestors: [CustomClassKind { id: DefinitionId(16), params: [TypeVarKind(UnificationKey(109))] }, CustomClassKind { id: DefinitionId(12), params: [PrimitiveKind(UnificationKey(2))] }],\nfields: [(\"a\", \"class0\"), (\"b\", \"tvar3\"), (\"c\", \"class12[3->class1]\"), (\"d\", \"class19\")],\nmethods: [(\"__init__\", \"fn[[], class4]\", DefinitionId(17)), (\"fun\", \"fn[[a=class0, b=tvar3], list[virtual[class16[4->class3]]]]\", DefinitionId(18)), (\"foo\", \"fn[[c=class19], class4]\", DefinitionId(15))],\ntype_vars: [UnificationKey(109)]\n}\n",
    "17: Function {\nname: \"B.__init__\",\nsig: \"fn[[], class4]\",\nvar_id: [4]\n}\n",
    "18: Function {\nname: \"B.fun\",\nsig: \"fn[[a=class0, b=tvar3], list[virtual[class16[4->class3]]]]\",\nvar_id: [3, 4]\n}\n",
    "19: Class {\nname: \"C\",\ndef_id: DefinitionId(19),\nancestors: [CustomClassKind { id: DefinitionId(19), params: [] }, CustomClassKind { id: DefinitionId(16), params: [PrimitiveKind(UnificationKey(3))] }, CustomClassKind { id: DefinitionId(12), params: [PrimitiveKind(UnificationKey(2))] }],\nfields: [(\"a\", \"class0\"), (\"b\", \"tvar3\"), (\"c\", \"class12[3->class1]\"), (\"d\", \"class19\"), (\"e\", \"class1\")],\nmethods: [(\"__init__\", \"fn[[], class4]\", DefinitionId(20)), (\"fun\", \"fn[[a=class0, b=tvar3], list[virtual[class16[4->class3]]]]\", DefinitionId(18)), (\"foo\", \"fn[[c=class19], class4]\", DefinitionId(15))],\ntype_vars: []\n}\n",
    "20: Function {\nname: \"C.__init__\",\nsig: \"fn[[], class4]\",\nvar_id: []\n}\n",
]
