---
source: nac3core/src/toplevel/test.rs
expression: res_vec

---
[
    "14: Function {\nname: \"foo\",\nsig: \"fn[[a=list[class0], b=tuple[tvar3, class2]], class15[3->class19, 4->class3]]\",\nvar_id: [3]\n}\n",
    "15: Class {\nname: \"A\",\ndef_id: DefinitionId(15),\nancestors: [CustomClassKind { id: DefinitionId(15), params: [TypeVarKind(UnificationKey(110)), TypeVarKind(UnificationKey(111))] }],\nfields: [(\"a\", \"tvar3\"), (\"b\", \"tvar4\")],\nmethods: [(\"__init__\", \"fn[[v=tvar4], class4]\", DefinitionId(16)), (\"fun\", \"fn[[a=tvar3], tvar4]\", DefinitionId(17))],\ntype_vars: [UnificationKey(110), UnificationKey(111)]\n}\n",
    "16: Function {\nname: \"A.__init__\",\nsig: \"fn[[v=tvar4], class4]\",\nvar_id: [3, 4]\n}\n",
    "17: Function {\nname: \"A.fun\",\nsig: \"fn[[a=tvar3], tvar4]\",\nvar_id: [3, 4]\n}\n",
    "18: Function {\nname: \"gfun\",\nsig: \"fn[[a=class15[3->list[class2], 4->class0]], class4]\",\nvar_id: []\n}\n",
    "19: Class {\nname: \"B\",\ndef_id: DefinitionId(19),\nancestors: [CustomClassKind { id: DefinitionId(19), params: [] }],\nfields: [],\nmethods: [(\"__init__\", \"fn[[], class4]\", DefinitionId(20))],\ntype_vars: []\n}\n",
    "20: Function {\nname: \"B.__init__\",\nsig: \"fn[[], class4]\",\nvar_id: []\n}\n",
]
