---
source: nac3core/src/toplevel/test.rs
expression: res_vec

---
[
    "12: Class {\nname: \"A\",\ndef_id: DefinitionId(12),\nancestors: [CustomClassKind { id: DefinitionId(12), params: [TypeVarKind(UnificationKey(108)), TypeVarKind(UnificationKey(109))] }],\nfields: [(\"a\", \"class12[3->class2, 4->class3]\"), (\"b\", \"class15\")],\nmethods: [(\"__init__\", \"fn[[a=class12[3->class2, 4->class3], b=class15], class4]\", DefinitionId(13)), (\"fun\", \"fn[[a=class12[3->class2, 4->class3]], class12[3->class3, 4->class0]]\", DefinitionId(14))],\ntype_vars: [UnificationKey(108), UnificationKey(109)]\n}\n",
    "13: Function {\nname: \"A.__init__\",\nsig: \"fn[[a=class12[3->class2, 4->class3], b=class15], class4]\",\nvar_id: [3, 4]\n}\n",
    "14: Function {\nname: \"A.fun\",\nsig: \"fn[[a=class12[3->class2, 4->class3]], class12[3->class3, 4->class0]]\",\nvar_id: [3, 4]\n}\n",
    "15: Class {\nname: \"B\",\ndef_id: DefinitionId(15),\nancestors: [CustomClassKind { id: DefinitionId(15), params: [] }, CustomClassKind { id: DefinitionId(12), params: [PrimitiveKind(UnificationKey(1)), PrimitiveKind(UnificationKey(3))] }],\nfields: [(\"a\", \"class12[3->class2, 4->class3]\"), (\"b\", \"class15\")],\nmethods: [(\"__init__\", \"fn[[], class4]\", DefinitionId(16)), (\"fun\", \"fn[[a=class12[3->class2, 4->class3]], class12[3->class3, 4->class0]]\", DefinitionId(14)), (\"foo\", \"fn[[b=class15], class15]\", DefinitionId(17)), (\"bar\", \"fn[[a=class12[3->list[class15], 4->class0]], tuple[class12[3->virtual[class12[3->class15, 4->class0]], 4->class3], class15]]\", DefinitionId(18))],\ntype_vars: []\n}\n",
    "16: Function {\nname: \"B.__init__\",\nsig: \"fn[[], class4]\",\nvar_id: []\n}\n",
    "17: Function {\nname: \"B.foo\",\nsig: \"fn[[b=class15], class15]\",\nvar_id: []\n}\n",
    "18: Function {\nname: \"B.bar\",\nsig: \"fn[[a=class12[3->list[class15], 4->class0]], tuple[class12[3->virtual[class12[3->class15, 4->class0]], 4->class3], class15]]\",\nvar_id: []\n}\n",
]
